------------------------------------------------------------
Timing Analyzer Summary
------------------------------------------------------------

Type  : Slow 1200mV 85C Model Setup 'clk'
Slack : 4.962
TNS   : 0.000

Type  : Slow 1200mV 85C Model Setup 'ADC_Conversion_ins|u0|altpll_sys|sd1|pll7|clk[0]'
Slack : 32.520
TNS   : 0.000

Type  : Slow 1200mV 85C Model Hold 'clk'
Slack : 0.342
TNS   : 0.000

Type  : Slow 1200mV 85C Model Hold 'ADC_Conversion_ins|u0|altpll_sys|sd1|pll7|clk[0]'
Slack : 0.424
TNS   : 0.000

Type  : Slow 1200mV 85C Model Recovery 'clk'
Slack : 4.915
TNS   : 0.000

Type  : Slow 1200mV 85C Model Recovery 'ADC_Conversion_ins|u0|altpll_sys|sd1|pll7|clk[0]'
Slack : 37.936
TNS   : 0.000

Type  : Slow 1200mV 85C Model Removal 'ADC_Conversion_ins|u0|altpll_sys|sd1|pll7|clk[0]'
Slack : 1.417
TNS   : 0.000

Type  : Slow 1200mV 85C Model Removal 'clk'
Slack : 5.254
TNS   : 0.000

Type  : Slow 1200mV 85C Model Minimum Pulse Width 'clk'
Slack : 9.688
TNS   : 0.000

Type  : Slow 1200mV 85C Model Minimum Pulse Width 'ADC_Conversion_ins|u0|altpll_sys|sd1|pll7|clk[0]'
Slack : 19.741
TNS   : 0.000

Type  : Slow 1200mV 85C Model Minimum Pulse Width 'ADC_Conversion_ins|u0|altpll_sys|sd1|pll7|clk[1]'
Slack : 244.575
TNS   : 0.000

Type  : Slow 1200mV 0C Model Setup 'clk'
Slack : 6.135
TNS   : 0.000

Type  : Slow 1200mV 0C Model Setup 'ADC_Conversion_ins|u0|altpll_sys|sd1|pll7|clk[0]'
Slack : 32.964
TNS   : 0.000

Type  : Slow 1200mV 0C Model Hold 'clk'
Slack : 0.307
TNS   : 0.000

Type  : Slow 1200mV 0C Model Hold 'ADC_Conversion_ins|u0|altpll_sys|sd1|pll7|clk[0]'
Slack : 0.343
TNS   : 0.000

Type  : Slow 1200mV 0C Model Recovery 'clk'
Slack : 6.085
TNS   : 0.000

Type  : Slow 1200mV 0C Model Recovery 'ADC_Conversion_ins|u0|altpll_sys|sd1|pll7|clk[0]'
Slack : 38.033
TNS   : 0.000

Type  : Slow 1200mV 0C Model Removal 'ADC_Conversion_ins|u0|altpll_sys|sd1|pll7|clk[0]'
Slack : 1.232
TNS   : 0.000

Type  : Slow 1200mV 0C Model Removal 'clk'
Slack : 4.773
TNS   : 0.000

Type  : Slow 1200mV 0C Model Minimum Pulse Width 'clk'
Slack : 9.710
TNS   : 0.000

Type  : Slow 1200mV 0C Model Minimum Pulse Width 'ADC_Conversion_ins|u0|altpll_sys|sd1|pll7|clk[0]'
Slack : 19.719
TNS   : 0.000

Type  : Slow 1200mV 0C Model Minimum Pulse Width 'ADC_Conversion_ins|u0|altpll_sys|sd1|pll7|clk[1]'
Slack : 244.631
TNS   : 0.000

Type  : Fast 1200mV 0C Model Setup 'clk'
Slack : 13.521
TNS   : 0.000

Type  : Fast 1200mV 0C Model Setup 'ADC_Conversion_ins|u0|altpll_sys|sd1|pll7|clk[0]'
Slack : 36.469
TNS   : 0.000

Type  : Fast 1200mV 0C Model Hold 'clk'
Slack : 0.149
TNS   : 0.000

Type  : Fast 1200mV 0C Model Hold 'ADC_Conversion_ins|u0|altpll_sys|sd1|pll7|clk[0]'
Slack : 0.210
TNS   : 0.000

Type  : Fast 1200mV 0C Model Recovery 'clk'
Slack : 13.525
TNS   : 0.000

Type  : Fast 1200mV 0C Model Recovery 'ADC_Conversion_ins|u0|altpll_sys|sd1|pll7|clk[0]'
Slack : 39.056
TNS   : 0.000

Type  : Fast 1200mV 0C Model Removal 'ADC_Conversion_ins|u0|altpll_sys|sd1|pll7|clk[0]'
Slack : 0.631
TNS   : 0.000

Type  : Fast 1200mV 0C Model Removal 'clk'
Slack : 2.170
TNS   : 0.000

Type  : Fast 1200mV 0C Model Minimum Pulse Width 'clk'
Slack : 9.461
TNS   : 0.000

Type  : Fast 1200mV 0C Model Minimum Pulse Width 'ADC_Conversion_ins|u0|altpll_sys|sd1|pll7|clk[0]'
Slack : 19.803
TNS   : 0.000

Type  : Fast 1200mV 0C Model Minimum Pulse Width 'ADC_Conversion_ins|u0|altpll_sys|sd1|pll7|clk[1]'
Slack : 244.903
TNS   : 0.000

------------------------------------------------------------
