------------------------------------------------------------
Timing Analyzer Summary
------------------------------------------------------------

Type  : Slow 1200mV 85C Model Setup 'clk'
Slack : 10.103
TNS   : 0.000

Type  : Slow 1200mV 85C Model Setup 'ADC_Conversion_ins|u0|altpll_sys|sd1|pll7|clk[0]'
Slack : 31.965
TNS   : 0.000

Type  : Slow 1200mV 85C Model Hold 'ADC_Conversion_ins|u0|altpll_sys|sd1|pll7|clk[0]'
Slack : 0.242
TNS   : 0.000

Type  : Slow 1200mV 85C Model Hold 'clk'
Slack : 0.432
TNS   : 0.000

Type  : Slow 1200mV 85C Model Recovery 'ADC_Conversion_ins|u0|altpll_sys|sd1|pll7|clk[0]'
Slack : 37.984
TNS   : 0.000

Type  : Slow 1200mV 85C Model Removal 'ADC_Conversion_ins|u0|altpll_sys|sd1|pll7|clk[0]'
Slack : 1.248
TNS   : 0.000

Type  : Slow 1200mV 85C Model Minimum Pulse Width 'clk'
Slack : 9.689
TNS   : 0.000

Type  : Slow 1200mV 85C Model Minimum Pulse Width 'ADC_Conversion_ins|u0|altpll_sys|sd1|pll7|clk[0]'
Slack : 19.726
TNS   : 0.000

Type  : Slow 1200mV 85C Model Minimum Pulse Width 'ADC_Conversion_ins|u0|altpll_sys|sd1|pll7|clk[1]'
Slack : 244.575
TNS   : 0.000

Type  : Slow 1200mV 0C Model Setup 'clk'
Slack : 11.049
TNS   : 0.000

Type  : Slow 1200mV 0C Model Setup 'ADC_Conversion_ins|u0|altpll_sys|sd1|pll7|clk[0]'
Slack : 32.564
TNS   : 0.000

Type  : Slow 1200mV 0C Model Hold 'ADC_Conversion_ins|u0|altpll_sys|sd1|pll7|clk[0]'
Slack : 0.177
TNS   : 0.000

Type  : Slow 1200mV 0C Model Hold 'clk'
Slack : 0.396
TNS   : 0.000

Type  : Slow 1200mV 0C Model Recovery 'ADC_Conversion_ins|u0|altpll_sys|sd1|pll7|clk[0]'
Slack : 38.086
TNS   : 0.000

Type  : Slow 1200mV 0C Model Removal 'ADC_Conversion_ins|u0|altpll_sys|sd1|pll7|clk[0]'
Slack : 1.104
TNS   : 0.000

Type  : Slow 1200mV 0C Model Minimum Pulse Width 'clk'
Slack : 9.710
TNS   : 0.000

Type  : Slow 1200mV 0C Model Minimum Pulse Width 'ADC_Conversion_ins|u0|altpll_sys|sd1|pll7|clk[0]'
Slack : 19.706
TNS   : 0.000

Type  : Slow 1200mV 0C Model Minimum Pulse Width 'ADC_Conversion_ins|u0|altpll_sys|sd1|pll7|clk[1]'
Slack : 244.631
TNS   : 0.000

Type  : Fast 1200mV 0C Model Setup 'clk'
Slack : 15.744
TNS   : 0.000

Type  : Fast 1200mV 0C Model Setup 'ADC_Conversion_ins|u0|altpll_sys|sd1|pll7|clk[0]'
Slack : 36.085
TNS   : 0.000

Type  : Fast 1200mV 0C Model Hold 'ADC_Conversion_ins|u0|altpll_sys|sd1|pll7|clk[0]'
Slack : 0.094
TNS   : 0.000

Type  : Fast 1200mV 0C Model Hold 'clk'
Slack : 0.162
TNS   : 0.000

Type  : Fast 1200mV 0C Model Recovery 'ADC_Conversion_ins|u0|altpll_sys|sd1|pll7|clk[0]'
Slack : 39.073
TNS   : 0.000

Type  : Fast 1200mV 0C Model Removal 'ADC_Conversion_ins|u0|altpll_sys|sd1|pll7|clk[0]'
Slack : 0.553
TNS   : 0.000

Type  : Fast 1200mV 0C Model Minimum Pulse Width 'clk'
Slack : 9.463
TNS   : 0.000

Type  : Fast 1200mV 0C Model Minimum Pulse Width 'ADC_Conversion_ins|u0|altpll_sys|sd1|pll7|clk[0]'
Slack : 19.770
TNS   : 0.000

Type  : Fast 1200mV 0C Model Minimum Pulse Width 'ADC_Conversion_ins|u0|altpll_sys|sd1|pll7|clk[1]'
Slack : 244.903
TNS   : 0.000

------------------------------------------------------------
