------------------------------------------------------------
Timing Analyzer Summary
------------------------------------------------------------

Type  : Slow 1200mV 85C Model Setup 'clk'
Slack : 18.196
TNS   : 0.000

Type  : Slow 1200mV 85C Model Setup 'ADC_Conversion_ins|u0|altpll_sys|sd1|pll7|clk[0]'
Slack : 35.606
TNS   : 0.000

Type  : Slow 1200mV 85C Model Hold 'ADC_Conversion_ins|u0|altpll_sys|sd1|pll7|clk[0]'
Slack : 0.424
TNS   : 0.000

Type  : Slow 1200mV 85C Model Hold 'clk'
Slack : 0.486
TNS   : 0.000

Type  : Slow 1200mV 85C Model Recovery 'ADC_Conversion_ins|u0|altpll_sys|sd1|pll7|clk[0]'
Slack : 37.914
TNS   : 0.000

Type  : Slow 1200mV 85C Model Removal 'ADC_Conversion_ins|u0|altpll_sys|sd1|pll7|clk[0]'
Slack : 1.740
TNS   : 0.000

Type  : Slow 1200mV 85C Model Minimum Pulse Width 'clk'
Slack : 9.760
TNS   : 0.000

Type  : Slow 1200mV 85C Model Minimum Pulse Width 'ADC_Conversion_ins|u0|altpll_sys|sd1|pll7|clk[0]'
Slack : 19.740
TNS   : 0.000

Type  : Slow 1200mV 85C Model Minimum Pulse Width 'ADC_Conversion_ins|u0|altpll_sys|sd1|pll7|clk[1]'
Slack : 244.575
TNS   : 0.000

Type  : Slow 1200mV 0C Model Setup 'clk'
Slack : 18.325
TNS   : 0.000

Type  : Slow 1200mV 0C Model Setup 'ADC_Conversion_ins|u0|altpll_sys|sd1|pll7|clk[0]'
Slack : 35.905
TNS   : 0.000

Type  : Slow 1200mV 0C Model Hold 'ADC_Conversion_ins|u0|altpll_sys|sd1|pll7|clk[0]'
Slack : 0.343
TNS   : 0.000

Type  : Slow 1200mV 0C Model Hold 'clk'
Slack : 0.447
TNS   : 0.000

Type  : Slow 1200mV 0C Model Recovery 'ADC_Conversion_ins|u0|altpll_sys|sd1|pll7|clk[0]'
Slack : 38.013
TNS   : 0.000

Type  : Slow 1200mV 0C Model Removal 'ADC_Conversion_ins|u0|altpll_sys|sd1|pll7|clk[0]'
Slack : 1.518
TNS   : 0.000

Type  : Slow 1200mV 0C Model Minimum Pulse Width 'clk'
Slack : 9.710
TNS   : 0.000

Type  : Slow 1200mV 0C Model Minimum Pulse Width 'ADC_Conversion_ins|u0|altpll_sys|sd1|pll7|clk[0]'
Slack : 19.717
TNS   : 0.000

Type  : Slow 1200mV 0C Model Minimum Pulse Width 'ADC_Conversion_ins|u0|altpll_sys|sd1|pll7|clk[1]'
Slack : 244.631
TNS   : 0.000

Type  : Fast 1200mV 0C Model Setup 'clk'
Slack : 19.216
TNS   : 0.000

Type  : Fast 1200mV 0C Model Setup 'ADC_Conversion_ins|u0|altpll_sys|sd1|pll7|clk[0]'
Slack : 38.200
TNS   : 0.000

Type  : Fast 1200mV 0C Model Hold 'clk'
Slack : 0.187
TNS   : 0.000

Type  : Fast 1200mV 0C Model Hold 'ADC_Conversion_ins|u0|altpll_sys|sd1|pll7|clk[0]'
Slack : 0.211
TNS   : 0.000

Type  : Fast 1200mV 0C Model Recovery 'ADC_Conversion_ins|u0|altpll_sys|sd1|pll7|clk[0]'
Slack : 39.037
TNS   : 0.000

Type  : Fast 1200mV 0C Model Removal 'ADC_Conversion_ins|u0|altpll_sys|sd1|pll7|clk[0]'
Slack : 0.771
TNS   : 0.000

Type  : Fast 1200mV 0C Model Minimum Pulse Width 'clk'
Slack : 9.596
TNS   : 0.000

Type  : Fast 1200mV 0C Model Minimum Pulse Width 'ADC_Conversion_ins|u0|altpll_sys|sd1|pll7|clk[0]'
Slack : 19.804
TNS   : 0.000

Type  : Fast 1200mV 0C Model Minimum Pulse Width 'ADC_Conversion_ins|u0|altpll_sys|sd1|pll7|clk[1]'
Slack : 244.903
TNS   : 0.000

------------------------------------------------------------
